../Core/Src/main.c:78:13:FDCAN_Config	40	static
../Core/Src/main.c:110:6:HAL_FDCAN_RxFifo0Callback	24	static
../Core/Src/main.c:140:5:main	16	static
../Core/Src/main.c:208:6:SystemClock_Config	64	static
../Core/Src/main.c:247:13:MX_FDCAN1_Init	8	static
../Core/Src/main.c:290:13:MX_I2C1_Init	8	static
../Core/Src/main.c:338:13:MX_SPI1_Init	8	static
../Core/Src/main.c:378:13:MX_USART1_UART_Init	8	static
../Core/Src/main.c:426:13:MX_USART2_UART_Init	8	static
../Core/Src/main.c:462:13:MX_GPIO_Init	48	static
../Core/Src/main.c:496:6:Error_Handler	8	static,ignoring_inline_asm
