../Core/Src/main.c:85:13:FDCAN_Config	40	static
../Core/Src/main.c:117:6:HAL_FDCAN_RxFifo0Callback	24	static
../Core/Src/main.c:138:6:HAL_UART_RxCpltCallback	16	static
../Core/Src/main.c:154:10:parseHex	32	static
../Core/Src/main.c:177:5:main	64	static
../Core/Src/main.c:280:6:SystemClock_Config	64	static
../Core/Src/main.c:319:13:MX_FDCAN1_Init	8	static
../Core/Src/main.c:362:13:MX_I2C1_Init	8	static
../Core/Src/main.c:410:13:MX_SPI1_Init	8	static
../Core/Src/main.c:450:13:MX_USART1_UART_Init	8	static
../Core/Src/main.c:498:13:MX_USART2_UART_Init	8	static
../Core/Src/main.c:534:13:MX_GPIO_Init	48	static
../Core/Src/main.c:568:6:Error_Handler	8	static,ignoring_inline_asm
